C:\Support\Tickets\400403083\nextTry03\SimpleProject\Logical\Global.typ
C:\Support\Tickets\400403083\nextTry03\SimpleProject\Logical\Global.var
C:\Support\Tickets\400403083\nextTry03\SimpleProject\Logical\Libraries\operator\operator.fun
C:\Support\Tickets\400403083\nextTry03\SimpleProject\Logical\Libraries\operator\operator.typ
C:\Support\Tickets\400403083\nextTry03\SimpleProject\Logical\Libraries\operator\operator.var
C:\Support\Tickets\400403083\nextTry03\SimpleProject\Logical\Libraries\runtime\runtime.fun
C:\Support\Tickets\400403083\nextTry03\SimpleProject\Logical\Libraries\runtime\runtime.typ
C:\Support\Tickets\400403083\nextTry03\SimpleProject\Logical\Libraries\runtime\runtime.var
C:\Support\Tickets\400403083\nextTry03\SimpleProject\Logical\Libraries\astime\astime.fun
C:\Support\Tickets\400403083\nextTry03\SimpleProject\Logical\Libraries\astime\astime.typ
C:\Support\Tickets\400403083\nextTry03\SimpleProject\Logical\Libraries\astime\astime.var
C:\Support\Tickets\400403083\nextTry03\SimpleProject\Logical\Libraries\AsIecCon\AsIecCon.fun
C:\Support\Tickets\400403083\nextTry03\SimpleProject\Logical\Libraries\AsIecCon\AsIecCon.typ
C:\Support\Tickets\400403083\nextTry03\SimpleProject\Logical\Libraries\AsIecCon\AsIecCon.var
